// Jest Snapshot v1, https://goo.gl/fbAQLP

exports[`<Tr /> should render colorful background when positive props is enabled 1`] = `
.c0 {
  background: #fcfff5;
  color: #2c662d;
}

.c0 > {
  background: #fcfff5;
  color: #2c662d;
}

<tr
  className="c0"
/>
`;
