// Jest Snapshot v1, https://goo.gl/fbAQLP

exports[`<Section /> should render text center aligned when textCenter props is enabled 1`] = `
.c0 {
  margin: 3em auto;
  text-align: center;
}

.c0:first-child {
  margin-top: 0;
}

<section
  className="c0"
/>
`;
